    1 00:0000 -  -  -  -  ;app header:
    2 00:0000 -  -  -  -  .org $4000
    3 00:4000 BB 6D -  -  .db $bb, $6d
    4 00:4002 80 0F -  -  .db 080h,00Fh                                        ;Field: Program length 
    5 00:4004 00 00 00 00 .db 00h,00h,00h,00h                                    ;Length=0 
    6 00:4008 80 12 -  -  .db 080h,012h                                        ;Field: Program type 
    7 00:400A 01 04 -  -  .db 01h,04h                                        ;Type= Shareware, TI-83Plus 
    8 00:400C 80 21 -  -  .db 080h,021h                                        ;Field: App ID 
    9 00:400E 01 -  -  -  .db 01h                                            ;Id = 1
   10 00:400F 80 48 -  -  .db 080h,048h                                        ;Field: App Name 
   11 00:4011 74 65 73 74 
              2E 2E 2E 2E .db "test...."                        ;Name: "Name"
   12 00:4019 80 81 -  -  .db 080h, 081h                                        ;Field: Number of pages
   13 00:401B 01 -  -  -  .db 001h                                            ;Pages: 1
   14 00:401C 80 90 -  -  .db 080h, 090h                                        ;Field: Security data
   15 00:401E 03 26 09 04 .db 003h, 026h, 009h, 004h                                ;Start of security data used with signing
   16 00:4022 13 69 DB 4B .db 013h, 069h, 0DBh, 04Bh
   17 00:4026 02 0D 40 A1 
              6B 99 F6 59 
              BC 67 -  -  .db 002h, 00Dh, 040h, 0A1h, 06Bh, 099h, 0F6h, 059h, 0BCh, 067h
   18 00:4030 F5 85 9C 09 
              6C 0F B4 03 
              9B C9 -  -  .db 0F5h, 085h, 09Ch, 009h, 06Ch, 00Fh, 0B4h, 003h, 09Bh, 0C9h
   19 00:403A 03 32 2C E0 
              03 20 E3 2C 
              F4 2D -  -  .db 003h, 032h, 02Ch, 0E0h, 003h, 020h, 0E3h, 02Ch, 0F4h, 02Dh
   20 00:4044 73 B4 27 C4 
              A0 72 54 B9 
              EA 7C -  -  .db 073h, 0B4h, 027h, 0C4h, 0A0h, 072h, 054h, 0B9h, 0EAh, 07Ch
   21 00:404E 3B AA 16 F6 
              77 83 7A EE 
              1A D4 -  -  .db 03Bh, 0AAh, 016h, 0F6h, 077h, 083h, 07Ah, 0EEh, 01Ah, 0D4h
   22 00:4058 42 4C 6B 8B 
              13 1F BB 93 
              8B FC -  -  .db 042h, 04Ch, 06Bh, 08Bh, 013h, 01Fh, 0BBh, 093h, 08Bh, 0FCh
   23 00:4062 19 1C 3C EC 
              4D E5 75 -  .db 019h, 01Ch, 03Ch, 0ECh, 04Dh, 0E5h, 075h                    ;End of security data used with signing
   24 00:4069 80 7F -  -  .db 80h,7Fh                                        ;Field: Program Image length 
   25 00:406B 00 00 00 00 .db 0,0,0,0                                            ;Length=0, N/A 
   26 00:406F 00 00 00 00 .db 000h, 000h, 000h, 000h                                ;padding
   27 00:4073 00 00 00 00 .db 000h, 000h, 000h, 000h                                ;padding
   28 00:4077 00 00 00 00 .db 000h, 000h, 000h, 000h                                ;padding
   29 00:407B 00 00 00 00 .db 000h, 000h, 000h, 000h                                ;padding
   30 00:407F 00 00 00 -  .db 000h, 000h, 000h
   31 00:4082 -  -  -  -  .LIST
   32 00:4082 -  -  -  -  
   33 00:4082 -  -  -  -  push af
   34 00:4082 -  -  -  -  BJUMP(_JForceCmdNoChar) ;ret
   35 00:4082 -  -  -  -  
   36 00:4082 -  -  -  -  end
